Warning message:
Expecting numeric in A2110 / R2110C1: got 'Legend: *regions sorted by non-adjusted p-value, †genomic coordinates indicated in human genome assembly GRCh37/hg19, ‡p-value calculated by Wald test, §adjusted p-value calculated by FDR-BH.' 
H3K27ac regions after liftOver: HCM 9782 PLN 2163 

== 1_4 2026-10-08 21:16:24 
>> Using Genome: hg38 ...
>> Using Genome: hg38 ...
>> Using Genome: hg38 ...
'select()' returned 1:many mapping between keys and columns
MA0065.1                 hits   854,283 | near TSS  160,666 | promoter rows   55,483 | HCM 17107 PLN 4421 | 1.1 min
>> Using Genome: hg38 ...
>> Using Genome: hg38 ...
>> Using Genome: hg38 ...
'select()' returned 1:many mapping between keys and columns
MA1550.1                 hits   859,786 | near TSS  165,344 | promoter rows   58,911 | HCM 17022 PLN 4399 | 1.4 min
>> Using Genome: hg38 ...
>> Using Genome: hg38 ...
>> Using Genome: hg38 ...
'select()' returned 1:many mapping between keys and columns
MA1148.1                 hits   992,572 | near TSS  198,637 | promoter rows   72,628 | HCM 21732 PLN 5670 | 1.7 min
>> Using Genome: hg38 ...
>> Using Genome: hg38 ...
>> Using Genome: hg38 ...
'select()' returned 1:many mapping between keys and columns
MA1148.2                 hits   978,997 | near TSS  192,439 | promoter rows   70,121 | HCM 20833 PLN 5404 | 2.0 min

== 13_16 2026-10-08 21:18:27 
>> Using Genome: hg38 ...
>> Using Genome: hg38 ...
>> Using Genome: hg38 ...
'select()' returned 1:many mapping between keys and columns
PPARA_M10653_3.10        hits 1,641,764 | near TSS  342,906 | promoter rows  125,956 | HCM 40592 PLN 10711 | 2.8 min
>> Using Genome: hg38 ...
>> Using Genome: hg38 ...
>> Using Genome: hg38 ...
'select()' returned 1:many mapping between keys and columns
MA1555.1                 hits   734,893 | near TSS  146,891 | promoter rows   53,676 | HCM 16040 PLN 3971 | 3.2 min
>> Using Genome: hg38 ...
>> Using Genome: hg38 ...
>> Using Genome: hg38 ...
'select()' returned 1:many mapping between keys and columns
MA1556.1                 hits   811,576 | near TSS  165,337 | promoter rows   58,548 | HCM 18178 PLN 4519 | 3.5 min
>> Using Genome: hg38 ...
>> Using Genome: hg38 ...
>> Using Genome: hg38 ...
'select()' returned 1:many mapping between keys and columns
MA0856.1                 hits   699,266 | near TSS  131,299 | promoter rows   46,371 | HCM 13177 PLN 3403 | 3.8 min

== 17_20 2026-10-08 21:20:15 
>> Using Genome: hg38 ...
>> Using Genome: hg38 ...
>> Using Genome: hg38 ...
'select()' returned 1:many mapping between keys and columns
PPARD_M05796_3.10        hits   594,169 | near TSS  148,838 | promoter rows   60,664 | HCM 20571 PLN 4527 | 4.4 min
>> Using Genome: hg38 ...
>> Using Genome: hg38 ...
>> Using Genome: hg38 ...
'select()' returned 1:many mapping between keys and columns
PPARD_M05795_3.10        hits 1,113,170 | near TSS  242,575 | promoter rows   91,732 | HCM 27504 PLN 7123 | 4.9 min
>> Using Genome: hg38 ...
>> Using Genome: hg38 ...
>> Using Genome: hg38 ...
'select()' returned 1:many mapping between keys and columns
PPARD_M05793_3.10        hits   816,211 | near TSS  155,946 | promoter rows   55,607 | HCM 16328 PLN 4275 | 5.3 min
>> Using Genome: hg38 ...
>> Using Genome: hg38 ...
>> Using Genome: hg38 ...
'select()' returned 1:many mapping between keys and columns
PPARD_M05794_3.10        hits   889,504 | near TSS  179,691 | promoter rows   63,328 | HCM 19717 PLN 4862 | 5.6 min

== 21_24 2026-10-08 21:22:04 
>> Using Genome: hg38 ...
>> Using Genome: hg38 ...
>> Using Genome: hg38 ...
'select()' returned 1:many mapping between keys and columns
PPARG_M10636_3.10        hits 2,206,906 | near TSS  495,711 | promoter rows  188,445 | HCM 61071 PLN 16601 | 6.6 min
>> Using Genome: hg38 ...
>> Using Genome: hg38 ...
>> Using Genome: hg38 ...
'select()' returned 1:many mapping between keys and columns
PPARG_M02901_3.10        hits   786,829 | near TSS  150,842 | promoter rows   52,611 | HCM 16129 PLN 4209 | 7.0 min
>> Using Genome: hg38 ...
>> Using Genome: hg38 ...
>> Using Genome: hg38 ...
'select()' returned 1:many mapping between keys and columns
RXRA_M05883_3.10         hits   794,768 | near TSS  154,174 | promoter rows   54,727 | HCM 16336 PLN 4292 | 7.3 min
>> Using Genome: hg38 ...
>> Using Genome: hg38 ...
>> Using Genome: hg38 ...
'select()' returned 1:many mapping between keys and columns
RXRA_M05884_3.10         hits   675,983 | near TSS  128,235 | promoter rows   45,672 | HCM 13096 PLN 3400 | 7.7 min

== 25_28 2026-10-08 21:24:06 
>> Using Genome: hg38 ...
>> Using Genome: hg38 ...
>> Using Genome: hg38 ...
'select()' returned 1:many mapping between keys and columns
RXRA_M08963_3.10         hits 1,911,891 | near TSS  455,624 | promoter rows  170,848 | HCM 59675 PLN 16464 | 8.6 min
>> Using Genome: hg38 ...
>> Using Genome: hg38 ...
>> Using Genome: hg38 ...
'select()' returned 1:many mapping between keys and columns
RXRA_M06774_3.10         hits 1,116,665 | near TSS  239,125 | promoter rows   87,029 | HCM 27243 PLN 7074 | 9.0 min
>> Using Genome: hg38 ...
>> Using Genome: hg38 ...
>> Using Genome: hg38 ...
'select()' returned 1:many mapping between keys and columns
RXRA_M06118_3.10         hits   832,602 | near TSS  156,137 | promoter rows   54,021 | HCM 16820 PLN 4536 | 9.4 min
>> Using Genome: hg38 ...
>> Using Genome: hg38 ...
>> Using Genome: hg38 ...
'select()' returned 1:many mapping between keys and columns
RXRA_M08962_3.10         hits 1,248,624 | near TSS  243,350 | promoter rows   81,266 | HCM 24477 PLN 5999 | 9.7 min

== 29_32 2026-10-08 21:26:08 
>> Using Genome: hg38 ...
>> Using Genome: hg38 ...
>> Using Genome: hg38 ...
'select()' returned 1:many mapping between keys and columns
RXRA_M10652_3.10         hits 4,537,296 | near TSS 1,160,550 | promoter rows  462,081 | HCM 153239 PLN 41449 | 12.1 min
>> Using Genome: hg38 ...
>> Using Genome: hg38 ...
>> Using Genome: hg38 ...
'select()' returned 1:many mapping between keys and columns
RXRB_M05893_3.10         hits   766,123 | near TSS  150,270 | promoter rows   53,816 | HCM 15835 PLN 4137 | 12.6 min
>> Using Genome: hg38 ...
>> Using Genome: hg38 ...
>> Using Genome: hg38 ...
'select()' returned 1:many mapping between keys and columns
RXRB_M05894_3.10         hits   754,232 | near TSS  150,926 | promoter rows   53,817 | HCM 16540 PLN 4117 | 13.2 min
>> Using Genome: hg38 ...
>> Using Genome: hg38 ...
>> Using Genome: hg38 ...
'select()' returned 1:many mapping between keys and columns
RXRB.H13CORE.2.PS.A      hits   955,121 | near TSS  207,320 | promoter rows   76,484 | HCM 24274 PLN 6079 | 13.7 min

== 33_36 2026-10-08 21:30:07 
>> Using Genome: hg38 ...
>> Using Genome: hg38 ...
>> Using Genome: hg38 ...
'select()' returned 1:many mapping between keys and columns
RXRG.H13CORE.1.SM.B      hits   889,823 | near TSS  189,807 | promoter rows   69,027 | HCM 22288 PLN 6007 | 14.5 min
>> Using Genome: hg38 ...
>> Using Genome: hg38 ...
>> Using Genome: hg38 ...
'select()' returned 1:many mapping between keys and columns
RXRB_M05895_3.10         hits 1,175,388 | near TSS  250,011 | promoter rows   92,811 | HCM 27817 PLN 7223 | 15.1 min
>> Using Genome: hg38 ...
>> Using Genome: hg38 ...
>> Using Genome: hg38 ...
'select()' returned 1:many mapping between keys and columns
RXRB_M05896_3.10         hits   618,387 | near TSS  134,253 | promoter rows   50,536 | HCM 15921 PLN 3612 | 15.6 min
>> Using Genome: hg38 ...
>> Using Genome: hg38 ...
>> Using Genome: hg38 ...
'select()' returned 1:many mapping between keys and columns
RXRB_M10655_3.10         hits 1,468,712 | near TSS  285,402 | promoter rows   95,271 | HCM 28827 PLN 7037 | 16.1 min

== 37_40 2026-10-08 21:32:35 
>> Using Genome: hg38 ...
>> Using Genome: hg38 ...
>> Using Genome: hg38 ...
'select()' returned 1:many mapping between keys and columns
RXRG_M05829_3.10         hits 1,752,704 | near TSS  405,444 | promoter rows  157,814 | HCM 48105 PLN 12477 | 17.5 min
>> Using Genome: hg38 ...
>> Using Genome: hg38 ...
>> Using Genome: hg38 ...
'select()' returned 1:many mapping between keys and columns
RXRG_M05827_3.10         hits   992,955 | near TSS  201,764 | promoter rows   72,435 | HCM 21438 PLN 5616 | 18.2 min
>> Using Genome: hg38 ...
>> Using Genome: hg38 ...
>> Using Genome: hg38 ...
'select()' returned 1:many mapping between keys and columns
RXRG_M05828_3.10         hits   827,011 | near TSS  169,441 | promoter rows   60,138 | HCM 18655 PLN 4637 | 18.8 min
>> Using Genome: hg38 ...
>> Using Genome: hg38 ...
>> Using Genome: hg38 ...
'select()' returned 1:many mapping between keys and columns
RXRG_M05830_3.10         hits   539,418 | near TSS  115,629 | promoter rows   43,218 | HCM 13578 PLN 3072 | 19.4 min

== 41_42 2026-10-08 21:35:47 
>> Using Genome: hg38 ...
>> Using Genome: hg38 ...
>> Using Genome: hg38 ...
'select()' returned 1:many mapping between keys and columns
RXRG_M06771_3.10         hits 1,028,585 | near TSS  210,888 | promoter rows   77,405 | HCM 23846 PLN 6353 | 20.3 min
>> Using Genome: hg38 ...
>> Using Genome: hg38 ...
>> Using Genome: hg38 ...
'select()' returned 1:many mapping between keys and columns
RXRG_M10638_3.10         hits   770,885 | near TSS  131,891 | promoter rows   44,649 | HCM 12891 PLN 3276 | 21.0 min

== 5_8 2026-10-08 21:37:27 
>> Using Genome: hg38 ...
>> Using Genome: hg38 ...
>> Using Genome: hg38 ...
'select()' returned 1:many mapping between keys and columns
MA0066.1                 hits   835,365 | near TSS  163,480 | promoter rows   57,657 | HCM 17908 PLN 4775 | 22.2 min
>> Using Genome: hg38 ...
>> Using Genome: hg38 ...
>> Using Genome: hg38 ...
'select()' returned 1:many mapping between keys and columns
MA0066.2                 hits   786,482 | near TSS  150,155 | promoter rows   52,394 | HCM 16045 PLN 4149 | 22.9 min
>> Using Genome: hg38 ...
>> Using Genome: hg38 ...
>> Using Genome: hg38 ...
'select()' returned 1:many mapping between keys and columns
MA1550.2                 hits   838,760 | near TSS  161,232 | promoter rows   58,135 | HCM 16903 PLN 4424 | 23.5 min
>> Using Genome: hg38 ...
>> Using Genome: hg38 ...
>> Using Genome: hg38 ...
'select()' returned 1:many mapping between keys and columns
RXRA.H13CORE.0.PS.A      hits 1,272,684 | near TSS  253,646 | promoter rows   85,364 | HCM 27084 PLN 6753 | 24.3 min

== 9_12 2026-10-08 21:40:46 
>> Using Genome: hg38 ...
>> Using Genome: hg38 ...
>> Using Genome: hg38 ...
'select()' returned 1:many mapping between keys and columns
RXRB.H13CORE.1.SM.B      hits 1,124,464 | near TSS  246,555 | promoter rows   91,066 | HCM 28866 PLN 7538 | 25.7 min
>> Using Genome: hg38 ...
>> Using Genome: hg38 ...
>> Using Genome: hg38 ...
'select()' returned 1:many mapping between keys and columns
RXRA.H13CORE.2.SM.B      hits   761,738 | near TSS  146,520 | promoter rows   50,886 | HCM 15586 PLN 4170 | 26.2 min
>> Using Genome: hg38 ...
>> Using Genome: hg38 ...
>> Using Genome: hg38 ...
'select()' returned 1:many mapping between keys and columns
RXRB.H13CORE.0.P.C       hits 1,696,307 | near TSS  384,682 | promoter rows  138,901 | HCM 48701 PLN 13384 | 27.1 min
>> Using Genome: hg38 ...
>> Using Genome: hg38 ...
>> Using Genome: hg38 ...
'select()' returned 1:many mapping between keys and columns
MA0855.1                 hits   751,161 | near TSS  137,758 | promoter rows   48,488 | HCM 13788 PLN 3559 | 27.4 min

== logs 2026-10-08 21:43:50 
Taking input= as a system command because it contains a space ('C:/Users/brouw/OneDrive - Universiteit Utrecht/Master Bioinformatics/Minor internship/PPAR_RXR_motifs_Hocomoco_Jaspar/FIMO_results_human42_unmasked/logs/fimo.tsv'). If it's a filename please remove the space, or use file= explicitly. A variable is being passed to input= and when this is taken as a system command there is a security concern if you are creating an app, the app could have a malicious user, and the app is not running in a secure environment; e.g. the app is running as root. Please read item 5 in the NEWS file for v1.11.6 for more information and for the option to suppress this message.
'C:/Users/brouw/OneDrive' is not recognized as an internal or external command,
operable program or batch file.
Error in .checkTypos(e, names_x) : 
  comparison (!=) is possible only for atomic and list types
Calls: [ ... <Anonymous> -> .checkTypos -> stopf -> raise_condition -> signal
In addition: Warning messages:
1: In (if (.Platform$OS.type == "unix") system else shell)(paste0("(",  :
  '(C:/Users/brouw/OneDrive - Universiteit Utrecht/Master Bioinformatics/Minor internship/PPAR_RXR_motifs_Hocomoco_Jaspar/FIMO_results_human42_unmasked/logs/fimo.tsv) > C:\Users\brouw\AppData\Local\Temp\RtmpmwwQCE\fileaba8779e2cf3' execution failed with error code 1
2: In fread(f, sep = "\t", header = TRUE, fill = TRUE, colClasses = "character",  :
  File 'C:\Users\brouw\AppData\Local\Temp\RtmpmwwQCE\fileaba8779e2cf3' has size 0. Returning a NULL data.table.
3: In is.na(start) :
  is.na() applied to non-(list or vector) of type 'closure'
Execution halted
