[   28s] mouse model fitted
[   34s] human promoter hits 2,367,473
[   67s] human model fitted
[   74s] hits near TSS 4,739,745; pairs 16,407,722
[   75s] scored default
[   81s] scored gate 1e-4
[   82s] scored gate 1e-6
[   83s] scored best hit
[   83s] scored sum of q
[   84s] scored window -1000..+500
[   85s] scored window -10000..+3000
[   86s] scored 25 reliable motifs
                               set               heldout  n_motifs  hits_kept  precision_kept  precision_removed  mh_or    lo    hi
S0 remove RXR half-sites only (28)       PPARG_adipocyte        28     462392           0.047              0.027  1.690 1.636 1.745
S0 remove RXR half-sites only (28) PPARG_digestive_tract        28     462392           0.018              0.011  1.684 1.600 1.773
S0 remove RXR half-sites only (28)           PPARG_liver        28     462392           0.014              0.009  1.528 1.445 1.616
S0 remove RXR half-sites only (28)            RXRA_liver        28     462392           0.089              0.078  0.980 0.960 1.001
S0 remove RXR half-sites only (28)           RXRA_breast        28     462392           0.008              0.007  0.905 0.848 0.966
S0 remove RXR half-sites only (28)      RXRA_other_cells        28     462392           0.012              0.010  1.078 1.020 1.140
                          DR1 (22)       PPARG_adipocyte        22     269981           0.066              0.024  3.003 2.925 3.083
                          DR1 (22) PPARG_digestive_tract        22     269981           0.027              0.008  3.365 3.224 3.512
                          DR1 (22)           PPARG_liver        22     269981           0.022              0.006  3.728 3.549 3.915
                          DR1 (22)            RXRA_liver        22     269981           0.103              0.073  1.628 1.599 1.658
                          DR1 (22)           RXRA_breast        22     269981           0.009              0.006  1.488 1.405 1.575
                          DR1 (22)      RXRA_other_cells        22     269981           0.016              0.008  2.247 2.143 2.356
                        DR1-Q (20)       PPARG_adipocyte        20     252597           0.066              0.025  2.814 2.743 2.887
                        DR1-Q (20) PPARG_digestive_tract        20     252597           0.027              0.009  3.066 2.942 3.195
                        DR1-Q (20)           PPARG_liver        20     252597           0.022              0.007  3.301 3.150 3.459
                        DR1-Q (20)            RXRA_liver        20     252597           0.102              0.075  1.535 1.507 1.563
                        DR1-Q (20)           RXRA_breast        20     252597           0.009              0.007  1.452 1.371 1.537
                        DR1-Q (20)      RXRA_other_cells        20     252597           0.016              0.008  2.124 2.026 2.225
                        DR1-NR (5)       PPARG_adipocyte         5      77973           0.068              0.038  1.865 1.808 1.924
                        DR1-NR (5) PPARG_digestive_tract         5      77973           0.027              0.015  1.827 1.740 1.918
                        DR1-NR (5)           PPARG_liver         5      77973           0.020              0.012  1.722 1.629 1.821
                        DR1-NR (5)            RXRA_liver         5      77973           0.092              0.085  1.121 1.092 1.151
                        DR1-NR (5)           RXRA_breast         5      77973           0.009              0.007  1.186 1.093 1.288
                        DR1-NR (5)      RXRA_other_cells         5      77973           0.016              0.011  1.493 1.403 1.588
                       reliable-25       PPARG_adipocyte        25     315266           0.063              0.021  3.319 3.225 3.414
                       reliable-25 PPARG_digestive_tract        25     315266           0.026              0.007  3.911 3.730 4.102
                       reliable-25           PPARG_liver        25     315266           0.021              0.005  4.684 4.428 4.954
                       reliable-25            RXRA_liver        25     315266           0.102              0.069  1.725 1.694 1.757
                       reliable-25           RXRA_breast        25     315266           0.009              0.006  1.475 1.392 1.563
                       reliable-25      RXRA_other_cells        25     315266           0.015              0.008  2.314 2.203 2.431
                  PPAR-centric (9)       PPARG_adipocyte         9     123685           0.072              0.034  2.243 2.184 2.303
                  PPAR-centric (9) PPARG_digestive_tract         9     123685           0.029              0.013  2.266 2.175 2.360
                  PPAR-centric (9)           PPARG_liver         9     123685           0.022              0.011  2.165 2.066 2.268
                  PPAR-centric (9)            RXRA_liver         9     123685           0.095              0.083  1.245 1.219 1.273
                  PPAR-centric (9)           RXRA_breast         9     123685           0.009              0.007  1.333 1.246 1.427
                  PPAR-centric (9)      RXRA_other_cells         9     123685           0.016              0.010  1.742 1.654 1.835
            no RXR half-sites (20)       PPARG_adipocyte        20     254952           0.066              0.025  2.802 2.731 2.875
            no RXR half-sites (20) PPARG_digestive_tract        20     254952           0.027              0.009  3.028 2.906 3.156
            no RXR half-sites (20)           PPARG_liver        20     254952           0.022              0.007  3.243 3.095 3.399
            no RXR half-sites (20)            RXRA_liver        20     254952           0.102              0.075  1.540 1.512 1.568
            no RXR half-sites (20)           RXRA_breast        20     254952           0.009              0.007  1.434 1.354 1.518
            no RXR half-sites (20)      RXRA_other_cells        20     254952           0.016              0.008  2.096 2.001 2.197
hit-level sets with MH lower bound > 1 (of 6): {'S0 remove RXR half-sites only (28)': 4, 'DR1 (22)': 6, 'DR1-Q (20)': 6, 'DR1-NR (5)': 6, 'reliable-25': 6, 'PPAR-centric (9)': 6, 'no RXR half-sites (20)': 6}
human activation (primary) 138 in universe: 136
human all 186 in universe: 182
PPARA (all evidence) 58 in universe: 57
PPARD (all evidence) 73 in universe: 71
PPARG (all evidence) 82 in universe: 81
                      gold                                set  n_pos  auroc  auprc  matched_auroc  auprc_baseline  d_auroc   d_lo  d_hi  d_auprc  d_matched
human activation (primary)                             all 42    136  0.549  0.008          0.555           0.007      NaN    NaN   NaN      NaN        NaN
human activation (primary)                        reliable-25    136  0.556  0.009          0.560           0.007    0.007 -0.026 0.041    0.000      0.002
human activation (primary)                   PPAR-centric (9)    136  0.581  0.009          0.579           0.007    0.032 -0.009 0.073    0.001      0.021
human activation (primary)             no RXR half-sites (20)    136  0.561  0.008          0.563           0.007    0.011 -0.024 0.048    0.000      0.008
human activation (primary) S0 remove RXR half-sites only (28)    136  0.553  0.008          0.557           0.007    0.004 -0.019 0.025   -0.000      0.001
human activation (primary)                           DR1 (22)    136  0.565  0.009          0.569           0.007    0.016 -0.018 0.052    0.000      0.010
human activation (primary)                         DR1-Q (20)    136  0.556  0.009          0.558           0.007    0.007 -0.029 0.046    0.000      0.003
human activation (primary)                         DR1-NR (5)    136  0.540  0.008          0.539           0.007   -0.010 -0.054 0.037    0.000     -0.019
human activation (primary)                       SOFT weights    136  0.564  0.009          0.575           0.007    0.015 -0.011 0.042    0.000      0.016
                 human all                             all 42    182  0.543  0.011          0.549           0.009      NaN    NaN   NaN      NaN        NaN
                 human all                        reliable-25    182  0.555  0.012          0.556           0.009    0.012 -0.020 0.043    0.001      0.011
                 human all                   PPAR-centric (9)    182  0.579  0.012          0.577           0.009    0.036 -0.003 0.072    0.001      0.030
                 human all             no RXR half-sites (20)    182  0.560  0.012          0.560           0.009    0.016 -0.017 0.049    0.001      0.012
                 human all S0 remove RXR half-sites only (28)    182  0.548  0.011          0.554           0.009    0.005 -0.013 0.021   -0.000      0.007
                 human all                           DR1 (22)    182  0.563  0.012          0.564           0.009    0.020 -0.014 0.053    0.001      0.015
                 human all                         DR1-Q (20)    182  0.556  0.012          0.556           0.009    0.013 -0.022 0.047    0.001      0.007
                 human all                         DR1-NR (5)    182  0.542  0.012          0.542           0.009   -0.001 -0.044 0.039    0.001     -0.006
                 human all                       SOFT weights    182  0.558  0.012          0.568           0.009    0.015 -0.010 0.039    0.001      0.019
      PPARA (all evidence)                             all 42     57  0.567  0.004          0.574           0.003      NaN    NaN   NaN      NaN        NaN
      PPARA (all evidence)                        reliable-25     57  0.568  0.004          0.569           0.003    0.001 -0.054 0.057    0.001     -0.010
      PPARA (all evidence)                   PPAR-centric (9)     57  0.607  0.005          0.610           0.003    0.040 -0.017 0.096    0.001      0.033
      PPARA (all evidence)             no RXR half-sites (20)     57  0.582  0.004          0.581           0.003    0.015 -0.036 0.066    0.001      0.011
      PPARA (all evidence) S0 remove RXR half-sites only (28)     57  0.579  0.004          0.587           0.003    0.012 -0.013 0.040    0.000      0.010
      PPARA (all evidence)                           DR1 (22)     57  0.584  0.004          0.585           0.003    0.017 -0.035 0.069    0.001      0.012
      PPARA (all evidence)                         DR1-Q (20)     57  0.581  0.004          0.583           0.003    0.014 -0.045 0.070    0.001      0.011
      PPARA (all evidence)                         DR1-NR (5)     57  0.568  0.004          0.569           0.003    0.001 -0.064 0.071    0.001     -0.005
      PPARA (all evidence)                       SOFT weights     57  0.592  0.005          0.600           0.003    0.025 -0.016 0.069    0.001      0.028
      PPARD (all evidence)                             all 42     71  0.506  0.004          0.506           0.004      NaN    NaN   NaN      NaN        NaN
      PPARD (all evidence)                        reliable-25     71  0.515  0.004          0.516           0.004    0.009 -0.041 0.060    0.000      0.008
      PPARD (all evidence)                   PPAR-centric (9)     71  0.557  0.005          0.554           0.004    0.051 -0.008 0.108    0.001      0.044
      PPARD (all evidence)             no RXR half-sites (20)     71  0.527  0.005          0.526           0.004    0.021 -0.037 0.074    0.001      0.017
      PPARD (all evidence) S0 remove RXR half-sites only (28)     71  0.500  0.004          0.500           0.004   -0.006 -0.034 0.020    0.000     -0.008
      PPARD (all evidence)                           DR1 (22)     71  0.526  0.005          0.527           0.004    0.020 -0.038 0.073    0.001      0.016
      PPARD (all evidence)                         DR1-Q (20)     71  0.523  0.005          0.525           0.004    0.017 -0.039 0.069    0.001      0.015
      PPARD (all evidence)                         DR1-NR (5)     71  0.509  0.005          0.509           0.004    0.003 -0.064 0.068    0.001      0.004
      PPARD (all evidence)                       SOFT weights     71  0.515  0.004          0.522           0.004    0.009 -0.033 0.049    0.000      0.012
      PPARG (all evidence)                             all 42     81  0.571  0.006          0.581           0.004      NaN    NaN   NaN      NaN        NaN
      PPARG (all evidence)                        reliable-25     81  0.568  0.006          0.570           0.004   -0.002 -0.050 0.047   -0.000     -0.008
      PPARG (all evidence)                   PPAR-centric (9)     81  0.582  0.005          0.578           0.004    0.012 -0.049 0.073   -0.000      0.002
      PPARG (all evidence)             no RXR half-sites (20)     81  0.570  0.005          0.576           0.004   -0.001 -0.054 0.055   -0.000     -0.000
      PPARG (all evidence) S0 remove RXR half-sites only (28)     81  0.576  0.005          0.586           0.004    0.005 -0.023 0.031   -0.000      0.008
      PPARG (all evidence)                           DR1 (22)     81  0.577  0.005          0.581           0.004    0.006 -0.045 0.060   -0.000      0.003
      PPARG (all evidence)                         DR1-Q (20)     81  0.563  0.005          0.568           0.004   -0.008 -0.064 0.046   -0.000     -0.011
      PPARG (all evidence)                         DR1-NR (5)     81  0.544  0.005          0.541           0.004   -0.026 -0.095 0.033   -0.000     -0.037
      PPARG (all evidence)                       SOFT weights     81  0.567  0.005          0.581           0.004   -0.004 -0.046 0.037   -0.000      0.003
                window  auroc  auprc  matched_auroc
           -1000..+500  0.557  0.008          0.558
-3000..+1000 (default)  0.549  0.008          0.556
         -10000..+3000  0.533  0.008          0.541
reliable-25: (a) hit-level MH lower>1 in 6/6 -> True | (b) AUROC diff +0.007 (-0.026), auPRC diff +0.0004, matched diff +0.002 -> False | ADOPT: False
PPAR-centric (9): (a) hit-level MH lower>1 in 6/6 -> True | (b) AUROC diff +0.032 (-0.009), auPRC diff +0.0008, matched diff +0.021 -> False | ADOPT: False
no RXR half-sites (20): (a) hit-level MH lower>1 in 6/6 -> True | (b) AUROC diff +0.011 (-0.024), auPRC diff +0.0002, matched diff +0.008 -> False | ADOPT: False
S0 remove RXR half-sites only (28): (a) hit-level MH lower>1 in 4/6 -> True | (b) AUROC diff +0.004 (-0.019), auPRC diff -0.0004, matched diff +0.001 -> False | ADOPT: False
DR1 (22): (a) hit-level MH lower>1 in 6/6 -> True | (b) AUROC diff +0.016 (-0.018), auPRC diff +0.0003, matched diff +0.010 -> False | ADOPT: False
DR1-Q (20): (a) hit-level MH lower>1 in 6/6 -> True | (b) AUROC diff +0.007 (-0.029), auPRC diff +0.0002, matched diff +0.003 -> False | ADOPT: False
DR1-NR (5): (a) hit-level MH lower>1 in 6/6 -> True | (b) AUROC diff -0.010 (-0.054), auPRC diff +0.0000, matched diff -0.019 -> False | ADOPT: False
SOFT weights: (a) hit-level MH lower>1 in None/6 -> True | (b) AUROC diff +0.015 (-0.011), auPRC diff +0.0005, matched diff +0.016 -> False | ADOPT: False
