[   43s] mouse model fitted
[   56s] human promoter hits 2,367,473
[  101s] human model fitted
[  103s] liver ATAC peaks 136,959
[  104s] hits 632,259, in liver ATAC 0.183
[  115s] pairs 9,096,018, promoter pairs 1,294,715
[  115s] scored promoter gate=False
[  115s] scored promoter gate=True
[  116s] scored 10 kb gate=False
[  116s] scored 10 kb gate=True
[  117s] scored 50 kb gate=False
[  119s] scored 50 kb gate=Truettest                        GSE17251 Wy14643 top 1% GSE17251 Wy14643 top 5% GSE53399 GW7647 top 1% GSE53399 GW7647 top 5% literature genes tiers 1-3
score                                                                                                                                               
10 kb                           0.528 (0.486-0.568)     0.512 (0.492-0.532)    0.567 (0.526-0.612)    0.522 (0.503-0.541)         0.58 (0.502-0.655)
10 kb + liver ATAC              0.565 (0.521-0.607)      0.54 (0.519-0.559)    0.592 (0.549-0.637)     0.53 (0.511-0.551)        0.577 (0.494-0.661)
50 kb                             0.504 (0.46-0.55)     0.488 (0.468-0.507)    0.546 (0.501-0.592)      0.52 (0.499-0.54)        0.534 (0.459-0.611)
50 kb + liver ATAC              0.546 (0.498-0.594)         0.52 (0.5-0.54)    0.575 (0.536-0.622)     0.531 (0.51-0.554)        0.553 (0.463-0.636)
GC only                         0.494 (0.454-0.535)      0.49 (0.472-0.508)    0.498 (0.452-0.538)    0.519 (0.499-0.538)        0.541 (0.487-0.606)
liver ATAC at promoter only     0.546 (0.532-0.558)     0.518 (0.508-0.527)    0.528 (0.508-0.546)    0.516 (0.506-0.526)        0.537 (0.496-0.567)
original sum                       0.56 (0.516-0.6)     0.514 (0.495-0.533)    0.529 (0.492-0.569)    0.522 (0.503-0.544)        0.566 (0.491-0.638)
promoter                         0.54 (0.494-0.585)     0.522 (0.503-0.543)    0.571 (0.523-0.614)      0.52 (0.499-0.54)         0.598 (0.523-0.67)
promoter + liver ATAC           0.572 (0.525-0.617)     0.547 (0.528-0.566)    0.595 (0.551-0.636)     0.528 (0.51-0.546)        0.582 (0.508-0.662)
promoter length only             0.55 (0.508-0.591)     0.507 (0.486-0.528)    0.514 (0.471-0.556)    0.509 (0.489-0.529)         0.487 (0.414-0.56)
